Copyright 1986-2019 Xilinx, Inc. All Rights Reserved.
--------------------------------------------------------------------------------------------------------------------------------------------------------------------------------------------------------------
| Tool Version : Vivado v.2019.2 (lin64) Build 2708876 Wed Nov  6 21:39:14 MST 2019
| Date         : Sat Apr 24 15:03:44 2021
| Host         : fpga-n0.crc.pitt.edu running 64-bit Red Hat Enterprise Linux Server release 7.9 (Maipo)
| Command      : report_accelerator_utilization -kernels { nano_rev_nano_rev:pfm_top_i/dynamic_region/nano_rev_1/inst:nano_rev_1} -file ../../../output/kernel_util_routed.rpt -name kernel_util_routed -json
| Design       : pfm_top_wrapper
| Device       : xcu200
| Design State : Routed
--------------------------------------------------------------------------------------------------------------------------------------------------------------------------------------------------------------

Accelerator Utilization Design Information

Table of Contents
-----------------
1. System Utilization

1. System Utilization
---------------------

+---------------------+-------------------+------------------+-------------------+----------------+---------------+----------------+
| Name                | LUT               | LUTAsMem         | REG               | BRAM           | URAM          | DSP            |
+---------------------+-------------------+------------------+-------------------+----------------+---------------+----------------+
| Platform            |  151696 [ 12.83%] |  17649 [  2.98%] |  221131 [  9.35%] |  301 [ 13.94%] |   0 [  0.00%] |    7 [  0.10%] |
| User Budget         | 1030544 [100.00%] | 574191 [100.00%] | 2143349 [100.00%] | 1859 [100.00%] | 960 [100.00%] | 6833 [100.00%] |
|    Used Resources   |    4954 [  0.48%] |    220 [  0.04%] |    7455 [  0.35%] |    5 [  0.27%] |   0 [  0.00%] |   32 [  0.47%] |
|    Unused Resources | 1025590 [ 99.52%] | 573971 [ 99.96%] | 2135894 [ 99.65%] | 1854 [ 99.73%] | 960 [100.00%] | 6801 [ 99.53%] |
| nano_rev_nano_rev   |    4954 [  0.48%] |    220 [  0.04%] |    7455 [  0.35%] |    5 [  0.27%] |   0 [  0.00%] |   32 [  0.47%] |
|    nano_rev_1       |    4954 [  0.48%] |    220 [  0.04%] |    7455 [  0.35%] |    5 [  0.27%] |   0 [  0.00%] |   32 [  0.47%] |
+---------------------+-------------------+------------------+-------------------+----------------+---------------+----------------+


